Traceback (most recent call last):
  File "C:\Users\nopan\miniconda3\envs\cha_fp\Lib\site-packages\jupyter_cache\executors\utils.py", line 58, in single_nb_execution
    executenb(
  File "C:\Users\nopan\miniconda3\envs\cha_fp\Lib\site-packages\nbclient\client.py", line 1319, in execute
    return NotebookClient(nb=nb, resources=resources, km=km, **kwargs).execute()
           ^^^^^^^^^^^^^^^^^^^^^^^^^^^^^^^^^^^^^^^^^^^^^^^^^^^^^^^^^^^^^^^^^^^^^
  File "C:\Users\nopan\miniconda3\envs\cha_fp\Lib\site-packages\jupyter_core\utils\__init__.py", line 165, in wrapped
    return loop.run_until_complete(inner)
           ^^^^^^^^^^^^^^^^^^^^^^^^^^^^^^
  File "C:\Users\nopan\miniconda3\envs\cha_fp\Lib\asyncio\base_events.py", line 654, in run_until_complete
    return future.result()
           ^^^^^^^^^^^^^^^
  File "C:\Users\nopan\miniconda3\envs\cha_fp\Lib\site-packages\nbclient\client.py", line 709, in async_execute
    await self.async_execute_cell(
  File "C:\Users\nopan\miniconda3\envs\cha_fp\Lib\site-packages\nbclient\client.py", line 1062, in async_execute_cell
    await self._check_raise_for_error(cell, cell_index, exec_reply)
  File "C:\Users\nopan\miniconda3\envs\cha_fp\Lib\site-packages\nbclient\client.py", line 918, in _check_raise_for_error
    raise CellExecutionError.from_cell_and_msg(cell, exec_reply_content)
nbclient.exceptions.CellExecutionError: An error occurred while executing the following cell:
------------------
dbc = dbcInflux(dirconf=DIRCONF)
------------------


[1;31m---------------------------------------------------------------------------[0m
[1;31mFileNotFoundError[0m                         Traceback (most recent call last)
Cell [1;32mIn[8], line 1[0m
[1;32m----> 1[0m dbc [38;5;241m=[39m [43mdbcInflux[49m[43m([49m[43mdirconf[49m[38;5;241;43m=[39;49m[43mDIRCONF[49m[43m)[49m

File [1;32mL:\Sync\luhk_work\20 - CODING\22 - POET\dbc-influxdb\dbc_influxdb\main.py:28[0m, in [0;36mdbcInflux.__init__[1;34m(self, dirconf)[0m
[0;32m     20[0m [38;5;28;01mdef[39;00m[38;5;250m [39m[38;5;21m__init__[39m([38;5;28mself[39m,
[0;32m     21[0m              dirconf: [38;5;28mstr[39m):
[0;32m     23[0m     [38;5;28mself[39m[38;5;241m.[39mdirconf [38;5;241m=[39m Path(dirconf)
[0;32m     25[0m     [38;5;28mself[39m[38;5;241m.[39mconf_filetypes, \
[0;32m     26[0m         [38;5;28mself[39m[38;5;241m.[39mconf_unitmapper, \
[0;32m     27[0m         [38;5;28mself[39m[38;5;241m.[39mconf_dirs, \
[1;32m---> 28[0m         [38;5;28mself[39m[38;5;241m.[39mconf_db [38;5;241m=[39m [38;5;28;43mself[39;49m[38;5;241;43m.[39;49m[43m_read_configs[49m[43m([49m[43m)[49m
[0;32m     30[0m     [38;5;28mself[39m[38;5;241m.[39m_test_connection_to_db()
[0;32m     32[0m     [38;5;66;03m# self.client = get_client(self.conf_db)[39;00m
[0;32m     33[0m     [38;5;66;03m# self.query_api = get_query_api(client=self.client)[39;00m

File [1;32mL:\Sync\luhk_work\20 - CODING\22 - POET\dbc-influxdb\dbc_influxdb\main.py:561[0m, in [0;36mdbcInflux._read_configs[1;34m(self)[0m
[0;32m    559[0m [38;5;66;03m# Read configs[39;00m
[0;32m    560[0m conf_filetypes [38;5;241m=[39m get_conf_filetypes(folder[38;5;241m=[39m_dir_filegroups)
[1;32m--> 561[0m conf_unitmapper [38;5;241m=[39m [43mread_configfile[49m[43m([49m[43mconfig_file[49m[38;5;241;43m=[39;49m[43m_file_unitmapper[49m[43m)[49m
[0;32m    562[0m conf_dirs [38;5;241m=[39m read_configfile(config_file[38;5;241m=[39m_file_dirs)
[0;32m    563[0m conf_db [38;5;241m=[39m read_configfile(config_file[38;5;241m=[39m_file_dbconf)

File [1;32mL:\Sync\luhk_work\20 - CODING\22 - POET\dbc-influxdb\dbc_influxdb\main.py:664[0m, in [0;36mread_configfile[1;34m(config_file)[0m
[0;32m    655[0m [38;5;28;01mdef[39;00m[38;5;250m [39m[38;5;21mread_configfile[39m(config_file) [38;5;241m-[39m[38;5;241m>[39m [38;5;28mdict[39m:
[0;32m    656[0m [38;5;250m    [39m[38;5;124;03m"""[39;00m
[0;32m    657[0m [38;5;124;03m    Load configuration from YAML file[39;00m
[0;32m    658[0m 
[1;32m   (...)[0m
[0;32m    662[0m [38;5;124;03m    :return: dict[39;00m
[0;32m    663[0m [38;5;124;03m    """[39;00m
[1;32m--> 664[0m     [38;5;28;01mwith[39;00m [38;5;28;43mopen[39;49m[43m([49m[43mconfig_file[49m[43m,[49m[43m [49m[38;5;124;43m'[39;49m[38;5;124;43mr[39;49m[38;5;124;43m'[39;49m[43m,[49m[43m [49m[43mencoding[49m[38;5;241;43m=[39;49m[38;5;124;43m'[39;49m[38;5;124;43mutf-8[39;49m[38;5;124;43m'[39;49m[43m)[49m [38;5;28;01mas[39;00m f:
[0;32m    665[0m         data [38;5;241m=[39m yaml[38;5;241m.[39msafe_load(f)
[0;32m    666[0m         [38;5;66;03m# data = yaml.load(f, Loader=SafeLoader)[39;00m

[1;31mFileNotFoundError[0m: [Errno 2] No such file or directory: 'F:\\Sync\\luhk_work\\20 - CODING\\22 - POET\\configs\\units.yaml'

